workers=2 keys=GOOGLE_STUDIO_API_KEY,GOOGLE_STUDIO_API_KEY_2
waiting: GOOGLE_STUDIO_API_KEY HTTP 500; retry in 300 seconds for 25ef5f46e7494b64a63f7d63444fc790
rate-limit-detail: GOOGLE_STUDIO_API_KEY INTERNAL: Internal error encountered.
processed 2/704 292aae26910340079d85df7a4506d359 replacements=5 evidence=4
waiting: GOOGLE_STUDIO_API_KEY_2 HTTP 503; retry in 300 seconds for 292b4103c19644348e253e40781a0735
rate-limit-detail: GOOGLE_STUDIO_API_KEY_2 UNAVAILABLE: This model is currently experiencing high demand. Spikes in demand are usually temporary. Please try again later.
processed 1/704 25ef5f46e7494b64a63f7d63444fc790 replacements=6 evidence=8
processed 4/704 29f4b16e06674f488c1a055ecf424716 replacements=6 evidence=12
waiting: GOOGLE_STUDIO_API_KEY_2 HTTP 503; retry in 600 seconds for 292b4103c19644348e253e40781a0735
rate-limit-detail: GOOGLE_STUDIO_API_KEY_2 UNAVAILABLE: This model is currently experiencing high demand. Spikes in demand are usually temporary. Please try again later.
processed 5/704 2a40cdab71bf48718103f730312685b8 replacements=8 evidence=14
processed 6/704 2b4dbde5c89d432bb29adbec3cdd80d3 replacements=4 evidence=20
processed 7/704 2b648d60635d44c7858ce90c6c58ee42 replacements=8 evidence=6
processed 8/704 2b8c8d591c1e4a24b0554689f91a52c4 replacements=5 evidence=10
processed 9/704 2bac62db93674d459348036a169e955b replacements=4 evidence=7
processed 10/704 2c0a84b7b7074ce39e93aee5d25336e8 replacements=6 evidence=3
processed 11/704 2c12b9d76bdf4823a5b7935d56e84871 replacements=9 evidence=13
processed 12/704 2c31355721bd4e32a0129c8cb951dc95 replacements=5 evidence=5
processed 13/704 2c373507d8b841ea9eac2fb200d4d8a9 replacements=6 evidence=15
processed 14/704 2cb5d77a5ba049f9b89743fb0c00edeb replacements=8 evidence=5
processed 15/704 2d3b474417b34ea99dea0c57a3072a82 replacements=12 evidence=13
processed 16/704 2d700a71b8524ef988f40e2c466ff4d2 replacements=7 evidence=8
waiting: GOOGLE_STUDIO_API_KEY HTTP 500; retry in 300 seconds for 2d8053ded463413a9ebb1f41531f2aa5
rate-limit-detail: GOOGLE_STUDIO_API_KEY INTERNAL: Internal error encountered.
waiting: GOOGLE_STUDIO_API_KEY_2 HTTP 503; retry in 1200 seconds for 292b4103c19644348e253e40781a0735
rate-limit-detail: GOOGLE_STUDIO_API_KEY_2 UNAVAILABLE: This model is currently experiencing high demand. Spikes in demand are usually temporary. Please try again later.
processed 17/704 2d8053ded463413a9ebb1f41531f2aa5 replacements=6 evidence=8
processed 18/704 2d95600b4254455c8095156fc3f2fb4a replacements=6 evidence=8
processed 19/704 2e1567f6fcb5490f8743654969e8f170 replacements=5 evidence=11
processed 20/704 2e2912f6a54c44feb3531d5caba4d1b9 replacements=11 evidence=5
processed 21/704 2e79b076aaa64edbae509803db016f48 replacements=12 evidence=10
processed 22/704 2ee109286817498a8560f7eeec9ea455 replacements=6 evidence=6
processed 23/704 2f14a7e457aa47b8a0bc795f926e901b replacements=13 evidence=10
processed 24/704 2fa5aca39d5041b6b18821453e69c9b3 replacements=8 evidence=9
processed 25/704 2fc26e2dbde743ab80d6160ac5978f80 replacements=16 evidence=14
processed 26/704 303d9ebd6a7540659e3b7f7b1a16af22 replacements=9 evidence=6
processed 27/704 30662ad7a82348bda96baf975153819e replacements=8 evidence=5
processed 28/704 30710b66ede8459e899b62cba624a49f replacements=12 evidence=10
processed 29/704 308c005b5fb147228ce495b549374270 replacements=13 evidence=21
processed 30/704 30f3c990eab444829e247db42a42afeb replacements=10 evidence=15
processed 31/704 310ef7c144f64da89ef2d485cd4f48ab replacements=7 evidence=17
processed 32/704 3206d00f321d4f1bb6ada666f861849c replacements=5 evidence=4
processed 33/704 322aec4c815749ddb882920b82f9a371 replacements=6 evidence=7
processed 34/704 32d6f19367cf472b9813dc6f353a7305 replacements=5 evidence=6
processed 35/704 32fc733210cd485fbffd3958fcfa3d7f replacements=7 evidence=5
processed 36/704 33268e4b681343fd817c41090c2b7bb9 replacements=7 evidence=16
processed 37/704 33365e402b234bf68d7789e25d1d2043 replacements=9 evidence=13
processed 38/704 335d4734ee324e5e8c7a78e0355c9c76 replacements=9 evidence=12
processed 39/704 336ede4114834b338a3e19b2a82207b8 replacements=9 evidence=10
deferred: GOOGLE_STUDIO_API_KEY_2 HTTP 500 after 4 attempts for 292b4103c19644348e253e40781a0735
skipped-transient 3/704 292b4103c19644348e253e40781a0735
processed 40/704 33dbe5f3c518413c8a79bbdf117deb0b replacements=14 evidence=8
processed 42/704 3471c27740764682ae3378ad406b6325 replacements=13 evidence=10
waiting: GOOGLE_STUDIO_API_KEY_2 HTTP 503; retry in 300 seconds for 3427390602694ee6919143e1f284fe03
rate-limit-detail: GOOGLE_STUDIO_API_KEY_2 UNAVAILABLE: This model is currently experiencing high demand. Spikes in demand are usually temporary. Please try again later.
processed 43/704 3494d594abcb45389651e4aea5578625 replacements=6 evidence=8
processed 44/704 34f235c415064b509adabb6729118daa replacements=10 evidence=9
processed 45/704 34f389da05044224b2b1e62721872ea6 replacements=8 evidence=6
processed 46/704 35fc5883d2a2488489e74a82cd132813 replacements=5 evidence=12
processed 47/704 36420a7cf23b45dca1fab89f1a6c573a replacements=7 evidence=11
processed 48/704 366cbd34a7dc4bd6a84233ec958d8a28 replacements=6 evidence=8
waiting: GOOGLE_STUDIO_API_KEY HTTP 500; retry in 300 seconds for 36702209daf64dd2ac60394a0573cfb5
rate-limit-detail: GOOGLE_STUDIO_API_KEY INTERNAL: Internal error encountered.
processed 41/704 3427390602694ee6919143e1f284fe03 replacements=5 evidence=7
waiting: GOOGLE_STUDIO_API_KEY_2 HTTP 503; retry in 300 seconds for 36943e37132343b8b8efd8a099c20ae6
rate-limit-detail: GOOGLE_STUDIO_API_KEY_2 UNAVAILABLE: This model is currently experiencing high demand. Spikes in demand are usually temporary. Please try again later.
processed 49/704 36702209daf64dd2ac60394a0573cfb5 replacements=5 evidence=3
processed 51/704 36a4dedb396e41fb84a4c0332337e2ab replacements=4 evidence=8
processed 52/704 3758dde5e0e94de5b79672671c42c1dc replacements=4 evidence=5
processed 53/704 37bbbf081c594595a189a45f69125f77 replacements=8 evidence=15
processed 50/704 36943e37132343b8b8efd8a099c20ae6 replacements=7 evidence=7
processed 54/704 37c318fb0cdd4a56974800f8f51fb7d8 replacements=6 evidence=12
processed 55/704 392afc41771e425196ef2765fde086b6 replacements=6 evidence=3
waiting: GOOGLE_STUDIO_API_KEY_2 HTTP 503; retry in 300 seconds for 39784e61bf774142b0999394105f9a91
rate-limit-detail: GOOGLE_STUDIO_API_KEY_2 UNAVAILABLE: This model is currently experiencing high demand. Spikes in demand are usually temporary. Please try again later.
processed 56/704 393785d85adf44e9b14d730c362a4939 replacements=6 evidence=7
processed 58/704 39afda9045484ab7902b2ef1e0a32241 replacements=4 evidence=5
processed 59/704 39eefe13b4154e02bad4782c55e63359 replacements=7 evidence=4
processed 60/704 3a14652b5a5d40d7bab757354bb97ce0 replacements=8 evidence=3
processed 61/704 3a96075b84e14c778f3a13ba7b0d68f1 replacements=13 evidence=17
processed 62/704 3aba1d0e84f944198f9a7413988d6eb0 replacements=7 evidence=8
processed 63/704 3ad2199a85d8431a835ad5ca5ba3901e replacements=4 evidence=4
processed 64/704 3b1820f4c8ed4363b8feb9e35ec61578 replacements=5 evidence=7
processed 65/704 3b392eda7d6346119484455a6200cf9d replacements=12 evidence=12
processed 57/704 39784e61bf774142b0999394105f9a91 replacements=14 evidence=12
waiting: GOOGLE_STUDIO_API_KEY_2 HTTP 500; retry in 300 seconds for 3b5e651e580c40f982bf715bd35c9cdb
rate-limit-detail: GOOGLE_STUDIO_API_KEY_2 INTERNAL: Internal error encountered.
processed 66/704 3b5ddc81b223474bad53a2ef91d2c89f replacements=11 evidence=14
processed 68/704 3bcb33d9154646e2805ccfa6c8f4b66e replacements=10 evidence=11
processed 69/704 3bf10ac3aaf94561a92e810aeff31040 replacements=5 evidence=7
processed 70/704 3ce212e3dc3340b49d5ab6a7a3811b54 replacements=5 evidence=10
processed 71/704 3db7c27f012f47c4953e478b4c0323de replacements=7 evidence=10
processed 72/704 3dbf5525b6fe4b37a33c4a2609b5f384 replacements=4 evidence=4
processed 73/704 3dc1d987f18548d699b94ebe9912f1a1 replacements=6 evidence=9
processed 74/704 3e36dfc560dc46809fb3a137d489f938 replacements=5 evidence=5
waiting: GOOGLE_STUDIO_API_KEY_2 HTTP 500; retry in 600 seconds for 3b5e651e580c40f982bf715bd35c9cdb
rate-limit-detail: GOOGLE_STUDIO_API_KEY_2 INTERNAL: Internal error encountered.
processed 75/704 3f0c8fd4217845f28ad23ec0c69409de replacements=19 evidence=6
processed 76/704 3fb28da9885b4deab04ca05d98f302ad replacements=7 evidence=16
processed 77/704 3fe83e605ec2463999b86cca829a9716 replacements=7 evidence=8
processed 78/704 401550a3b9b14d288339defb63b969ed replacements=8 evidence=8
processed 79/704 402e79e3055b45d7bb0194e1f97e2a97 replacements=10 evidence=12
processed 80/704 40326b5c806642b6aa40d1b73c20fe20 replacements=12 evidence=16
processed 81/704 4087d3a8b76c4800a8d3b826af6114f1 replacements=32 evidence=16
processed 82/704 409076292265456090b17bc97a35cc2a replacements=7 evidence=5
processed 83/704 40990cf860a64439834a2c0e9e67cadd replacements=3 evidence=7
processed 84/704 40c4462ad90f47068377ce618e4cadb6 replacements=9 evidence=8
processed 85/704 41383e50abfe4faab4180405264f38b9 replacements=9 evidence=22
waiting: GOOGLE_STUDIO_API_KEY_2 HTTP 500; retry in 1200 seconds for 3b5e651e580c40f982bf715bd35c9cdb
rate-limit-detail: GOOGLE_STUDIO_API_KEY_2 INTERNAL: Internal error encountered.
waiting: GOOGLE_STUDIO_API_KEY HTTP 429; retry in 300 seconds for 4184238e53504e9b9ba79608bcccc46d
rate-limit-detail: GOOGLE_STUDIO_API_KEY RESOURCE_EXHAUSTED: Resource has been exhausted (e.g. check quota).
processed 86/704 4184238e53504e9b9ba79608bcccc46d replacements=12 evidence=10
processed 87/704 41d66a53bd7e4e7f80c4af0d7fcd4312 replacements=6 evidence=6
processed 88/704 4222707916234dffbb51d844f54584ce replacements=11 evidence=12
processed 89/704 42c636a73e7a469d8dcb7bbffd3ffd0e replacements=6 evidence=6
processed 90/704 4340c7e6f348477caf2766ee03d70ac0 replacements=15 evidence=10
processed 91/704 43fad8b2ccc243278d174b78c162e87b replacements=4 evidence=4
skipped-empty 92/704 440e02be40ce4d65ad05d0ae1780185a
processed 93/704 440eec96e5064bd486c52b6fe7e97691 replacements=5 evidence=5
processed 94/704 44206e3c259e491484fc5448408fd330 replacements=3 evidence=7
processed 95/704 44335ba38c4b4cc99e543e42c5e19f7c replacements=10 evidence=8
processed 96/704 4466c4a18904462ab56d2d5c563f692a replacements=5 evidence=6
processed 97/704 44846ffe1755438d839cf220d6104225 replacements=8 evidence=3
processed 98/704 448f287507d14c8ea75fe068c7cc8944 replacements=7 evidence=10
processed 99/704 44f58b9d05b74167b440008bf473f6b7 replacements=8 evidence=8
processed 100/704 44f92f6831a74099a5a825618afeeed0 replacements=4 evidence=5
processed 101/704 4596e97cde6f4340a013e9163f3b12cf replacements=5 evidence=7
processed 102/704 45a11a9265bc429b976a16ff17e695c1 replacements=6 evidence=4
processed 103/704 45c4afdba4c5483abae2f07479e9a258 replacements=7 evidence=5
processed 104/704 460d7da5de074fdb8d0ae978db2ef52c replacements=10 evidence=6
processed 105/704 46400fecb5574fa6a83283a2de7cf506 replacements=10 evidence=11
processed 106/704 46d456a446eb4362ba7620fe55525e0f replacements=9 evidence=3
processed 107/704 46d64595e66c4878a176aef5f33efd92 replacements=10 evidence=13
processed 108/704 46ee1cfba7d84ba48e2beeeb6159deea replacements=11 evidence=8
deferred: GOOGLE_STUDIO_API_KEY_2 HTTP 500 after 4 attempts for 3b5e651e580c40f982bf715bd35c9cdb
skipped-transient 67/704 3b5e651e580c40f982bf715bd35c9cdb
processed 109/704 4784821a6ca2407f948f4b6f7987548e replacements=8 evidence=7
processed 111/704 481a9338b4b24fdea73cd7c817c7c99d replacements=5 evidence=6
processed 110/704 47d4ea9b512c4446914b813b642adc77 replacements=5 evidence=9
processed 113/704 4909ac956ae84cd49395325dd82d3cc4 replacements=7 evidence=13
processed 112/704 483cb79474334e868afdf31164d6d177 replacements=26 evidence=12
processed 115/704 49d6997d0adc4ac6a74fe31695785ffa replacements=6 evidence=11
processed 114/704 49115fdfaa944256ac04e7392861118e replacements=6 evidence=11
waiting: GOOGLE_STUDIO_API_KEY_2 HTTP 500; retry in 300 seconds for 4ac6516783a8450b9ebe73aa3656e927
rate-limit-detail: GOOGLE_STUDIO_API_KEY_2 INTERNAL: Internal error encountered.
processed 116/704 4a5bb94cb17c40b38ea2f83ae3cceae9 replacements=9 evidence=8
processed 118/704 4ade9be52f56419ebd55fa65ea7aceff replacements=16 evidence=23
processed 119/704 4aeaeb7616ef4528ad31bde3504426cd replacements=7 evidence=10
processed 120/704 4b01abee58264d5dad2dc9c2282b25c6 replacements=7 evidence=7
processed 121/704 4b352703260b43c1aeac1d5fed62de63 replacements=5 evidence=7
processed 122/704 4b68e618285a4610802ffe5adb76ab01 replacements=5 evidence=4
processed 123/704 4c46439aa23d43d7a3ac7e867fb9451a replacements=10 evidence=12
waiting: GOOGLE_STUDIO_API_KEY_2 HTTP 500; retry in 600 seconds for 4ac6516783a8450b9ebe73aa3656e927
rate-limit-detail: GOOGLE_STUDIO_API_KEY_2 INTERNAL: Internal error encountered.
processed 124/704 4c55d40b4021423e86f079eb8c3ad0b4 replacements=6 evidence=5
processed 125/704 4cc13493028440f58f87478e35d0e036 replacements=6 evidence=5
processed 126/704 4d72ebced46c43f7a6f6519229469718 replacements=6 evidence=16
processed 127/704 4d7e1a60af3b42e6a2dd7c41082ee09a replacements=17 evidence=10
processed 128/704 4dbfce737f414db785e6789391a2cc08 replacements=7 evidence=9
processed 129/704 4e3876a1e26144f9936c9c48aed3bece replacements=7 evidence=4
processed 130/704 4f8e802a7aeb4dd2b294aa2ce887938b replacements=6 evidence=9
processed 131/704 4fabada032d84eee9b2417883be58aaf replacements=5 evidence=5
processed 132/704 4ff74f2143bf4d8089bd64d5b3daf133 replacements=12 evidence=13
processed 133/704 502af9f41635405ebc41374baf23c255 replacements=5 evidence=16
processed 134/704 503151494f2543949d44d5764fc00550 replacements=10 evidence=12
processed 135/704 50fb70f4bd7a479bade7b3fb53d3639f replacements=5 evidence=9
waiting: GOOGLE_STUDIO_API_KEY HTTP 500; retry in 300 seconds for 50fd93b27e3046b380e10302742ab83b
rate-limit-detail: GOOGLE_STUDIO_API_KEY INTERNAL: Internal error encountered.
waiting: GOOGLE_STUDIO_API_KEY_2 HTTP 500; retry in 1200 seconds for 4ac6516783a8450b9ebe73aa3656e927
rate-limit-detail: GOOGLE_STUDIO_API_KEY_2 INTERNAL: Internal error encountered.
processed 136/704 50fd93b27e3046b380e10302742ab83b replacements=6 evidence=5
processed 137/704 5107f318656c48e292ed0986193b5f6e replacements=9 evidence=18
processed 138/704 5149d7ebc666439fab0f4335e2e4f723 replacements=2 evidence=3
processed 139/704 520a3c5f0dda4385958acf7340a16de3 replacements=6 evidence=4
processed 140/704 522e47d40c474517ba718a8b5ba09670 replacements=6 evidence=4
processed 141/704 52930ea4da304158984ac2b1e93f504e replacements=4 evidence=6
processed 142/704 52bb9cf403bd4b80bf8913e4eaebb3a8 replacements=5 evidence=12
processed 143/704 52f343a5fd8848d88097b112e7b4dd3b replacements=10 evidence=6
processed 144/704 530c6d96fcc84a1faca93657f98423d8 replacements=9 evidence=4
processed 145/704 53f6b7e32a4d4d89a10806c4b8f85a13 replacements=5 evidence=13
processed 146/704 541e3bc06720446b8e5d118bd86baaa7 replacements=5 evidence=12
processed 147/704 54b2e4e2e0964b7e8ac53df9b49c71de replacements=4 evidence=6
processed 148/704 550781beb2104bc6b111276643189f82 replacements=5 evidence=6
processed 149/704 55194442650444a6aca5442a5fc1e955 replacements=11 evidence=6
processed 150/704 551a66116a6d4121945bb10aa6f44bac replacements=5 evidence=6
processed 151/704 554865a2ed42423eb99fac9e0a84b9c2 replacements=8 evidence=10
processed 152/704 55efb050e8724eb2890213d99be7d69e replacements=29 evidence=15
processed 153/704 55fd45cb38ad4bbeb0c7ff01bbc26027 replacements=6 evidence=5
processed 154/704 561bbfaa739844c8a60a6c7efd8dbe66 replacements=9 evidence=7
processed 155/704 5644e40eff654d49afdf88b71bcbd12b replacements=7 evidence=6
processed 156/704 56d1045595064534aa41f6f0914e76e2 replacements=10 evidence=12
processed 157/704 5723a2b4ed2748ff862fc027de32f94d replacements=10 evidence=6
deferred: GOOGLE_STUDIO_API_KEY_2 HTTP 500 after 4 attempts for 4ac6516783a8450b9ebe73aa3656e927
skipped-transient 117/704 4ac6516783a8450b9ebe73aa3656e927
processed 158/704 57b16386c78743ba9976941e7807b72f replacements=19 evidence=9
processed 160/704 57e58fb8ba5249daab9eadf01f5e6d7f replacements=2 evidence=5
waiting: GOOGLE_STUDIO_API_KEY_2 HTTP 503; retry in 300 seconds for 57cf30b4aff24334beccf36de0eaa5ac
rate-limit-detail: GOOGLE_STUDIO_API_KEY_2 UNAVAILABLE: This model is currently experiencing high demand. Spikes in demand are usually temporary. Please try again later.
processed 161/704 57eff3f0eb7f466188319a720bad6d58 replacements=9 evidence=8
processed 162/704 584746b784a044e080109250924c0cbc replacements=8 evidence=10
processed 163/704 585ea32a62e943ad87d119ca59cd99e1 replacements=3 evidence=11
processed 164/704 58eb02016e7240cbb1db00c4a9655283 replacements=8 evidence=9
processed 165/704 590baae1ee284d35a40dfa13758afb1f replacements=5 evidence=6
processed 166/704 59fb683efdae49cf950cdbe50f40052b replacements=7 evidence=9
processed 167/704 5a19c0360bda42d5ac66fc464ed6d22b replacements=7 evidence=11
waiting: GOOGLE_STUDIO_API_KEY_2 HTTP 500; retry in 600 seconds for 57cf30b4aff24334beccf36de0eaa5ac
rate-limit-detail: GOOGLE_STUDIO_API_KEY_2 INTERNAL: Internal error encountered.
processed 168/704 5a35d510245f427faadad867a05edbc9 replacements=5 evidence=10
processed 169/704 5a417f0308c440c99af0aeecc166df53 replacements=16 evidence=10
processed 170/704 5b19506a24d142699d097d48b6633475 replacements=8 evidence=12
processed 171/704 5bbe1a74cee546cba5b4b04ac6e61a7e replacements=6 evidence=7
processed 172/704 5cad256ff335431689789b43f2e7750f replacements=9 evidence=6
processed 173/704 5cae6ddacc9c475792340a8a3561e1e7 replacements=6 evidence=15
processed 174/704 5cc14632646b4bc9b08a6d2ce0b2e259 replacements=8 evidence=8
processed 175/704 5cea928c18e74328a72f09962c982dfc replacements=8 evidence=10
processed 176/704 5cff712c5dd24a85874acde2eb762671 replacements=7 evidence=13
processed 177/704 5d27aed8697b49029e457021b27e7201 replacements=9 evidence=7
waiting: GOOGLE_STUDIO_API_KEY HTTP 429; retry in 300 seconds for 5d5153cdc9fc46fbab9b02436d2919aa
rate-limit-detail: GOOGLE_STUDIO_API_KEY RESOURCE_EXHAUSTED: Resource has been exhausted (e.g. check quota).
waiting: GOOGLE_STUDIO_API_KEY_2 HTTP 500; retry in 1200 seconds for 57cf30b4aff24334beccf36de0eaa5ac
rate-limit-detail: GOOGLE_STUDIO_API_KEY_2 INTERNAL: Internal error encountered.
processed 178/704 5d5153cdc9fc46fbab9b02436d2919aa replacements=9 evidence=18
processed 179/704 5d7280a6d9524d749da1c532a4f0e50c replacements=5 evidence=6
processed 180/704 5dd26affe4fd4814ac3ac68bd04af5f9 replacements=9 evidence=10
processed 181/704 5e4a79c8ac4b4befbe75713d11b56e12 replacements=7 evidence=13
processed 182/704 5e5cb96678f9406a8445319a37e8c670 replacements=8 evidence=5
processed 183/704 5eab9a83849541488468887dc7ccee82 replacements=10 evidence=4
processed 184/704 5eadc85b8dd24931a9fcefc08c71cbd3 replacements=4 evidence=3
processed 185/704 5ed0a780c0d94a23bd50bd5dddf3537f replacements=9 evidence=13
processed 186/704 5f7771967a904cb58b391f917bec68df replacements=10 evidence=11
processed 187/704 5f8c6c408d3a4caa941a7e460d126f54 replacements=5 evidence=4
processed 188/704 604226d19563402787f5d6b57d7dc0a4 replacements=8 evidence=13
processed 189/704 6082536956de49838deeb040496344ac replacements=3 evidence=5
processed 190/704 60dfc128ac434ba5980ed22a99d7ecf6 replacements=6 evidence=6
processed 191/704 6102ee3babca48f6a8074c46f40631dd replacements=6 evidence=5
processed 192/704 618799f869024fb49ffb7a444d893e6c replacements=7 evidence=7
processed 193/704 61befa6821ef42be96c4abd0b172b6fa replacements=6 evidence=5
processed 194/704 62051672f1c7433da0f46c3eb5e4e656 replacements=4 evidence=8
processed 195/704 623e4b4d57794eb682715c6ceff39b19 replacements=9 evidence=16
processed 196/704 62ccbfadf0114e89ab781f2050d7bf3c replacements=6 evidence=8
processed 197/704 6314c88ba6b94736b807f6566d4ff3fa replacements=6 evidence=11
processed 198/704 6329a648ca76478c8d8039df23c55144 replacements=3 evidence=12
processed 199/704 6356cb73e39041e08bbdf8f32878a0e6 replacements=8 evidence=13
processed 200/704 63739aceaf464c21810d51df4cd9c4ff replacements=11 evidence=7
processed 201/704 63ff6151bc574106a4378227b1f1bb09 replacements=10 evidence=8
processed 202/704 64303d0c077a4b49a738f45bfdc13e14 replacements=10 evidence=14
deferred: GOOGLE_STUDIO_API_KEY_2 HTTP 500 after 4 attempts for 57cf30b4aff24334beccf36de0eaa5ac
skipped-transient 159/704 57cf30b4aff24334beccf36de0eaa5ac
processed 203/704 6433c14a10bb4372920b774385ba37ca replacements=4 evidence=4
processed 204/704 64ec0601194f48f8bb70710e9cabf959 replacements=5 evidence=4
waiting: GOOGLE_STUDIO_API_KEY_2 HTTP 503; retry in 300 seconds for 65db9dcdbfa14af3ba5cc15188c6db71
rate-limit-detail: GOOGLE_STUDIO_API_KEY_2 UNAVAILABLE: This model is currently experiencing high demand. Spikes in demand are usually temporary. Please try again later.
processed 205/704 64f95b0ff8bf4084835138c8d9962b7a replacements=11 evidence=5
processed 207/704 65de19cd0b5e42f584239cebd297fa48 replacements=7 evidence=9
processed 208/704 661696281f8e406190831d79c4d0f110 replacements=7 evidence=7
processed 209/704 6832926f9be74d7fad3b724af28f2511 replacements=6 evidence=4
processed 210/704 68811bbb27a14540921f4ad170f05095 replacements=8 evidence=6
processed 211/704 688376fd9c174631aad1f92ca95008e1 replacements=8 evidence=13
processed 212/704 68bdc164f9594710bdef1037d4ac9c56 replacements=15 evidence=10
processed 213/704 694582656e5f481a975ee0ceba37f620 replacements=3 evidence=5
waiting: GOOGLE_STUDIO_API_KEY_2 HTTP 503; retry in 600 seconds for 65db9dcdbfa14af3ba5cc15188c6db71
rate-limit-detail: GOOGLE_STUDIO_API_KEY_2 UNAVAILABLE: This model is currently experiencing high demand. Spikes in demand are usually temporary. Please try again later.
processed 214/704 695f1a9c4a304f13b4749f72ed7d3a3e replacements=7 evidence=9
processed 215/704 69a078db008a408cb0801d59abfef2b9 replacements=7 evidence=9
processed 216/704 6a19bd2833b64d20ae07fa30664e7e98 replacements=7 evidence=3
processed 217/704 6a3a9483b23440968a1cf7a1af821f9d replacements=7 evidence=5
processed 218/704 6ae81052d9b64d6aa86d02430e4b29d1 replacements=9 evidence=8
processed 219/704 6b293b47093f459e8b8247d33857dcf6 replacements=7 evidence=20
processed 220/704 6b59303f1e0643d5a32361c0acf3df70 replacements=10 evidence=20
processed 221/704 6b99a1356f044e6fa8aa28d8859694db replacements=6 evidence=11
processed 222/704 6ba8ab1e11b4491f8d5b001b700dbfe3 replacements=8 evidence=8
processed 223/704 6bb09919ed3e415a96c85a89b06ca40e replacements=51 evidence=8
processed 224/704 6ca0ac6284d448748d3b6b1d21aa4846 replacements=5 evidence=8
processed 225/704 6ca34bedcdfd4b508967643147916794 replacements=5 evidence=4
waiting: GOOGLE_STUDIO_API_KEY_2 HTTP 503; retry in 1200 seconds for 65db9dcdbfa14af3ba5cc15188c6db71
rate-limit-detail: GOOGLE_STUDIO_API_KEY_2 UNAVAILABLE: This model is currently experiencing high demand. Spikes in demand are usually temporary. Please try again later.
processed 226/704 6d09157436214bc9a1a48bcf6a0fb881 replacements=9 evidence=6
processed 227/704 6d284e632d644e43abb0cc55b60f2396 replacements=11 evidence=11
processed 228/704 6d84f66ecf0444ca9cb377a0e6244c7d replacements=18 evidence=9
processed 229/704 6d98e3199fd44f1cad51287c3d6b6d37 replacements=5 evidence=5
processed 230/704 6dd7fa5e541f4a11a4564d1d6e34b898 replacements=10 evidence=9
processed 231/704 6e00f619bbfd45f7917446bcd4453c0e replacements=5 evidence=7
processed 232/704 6e05f7df6238400ea9ed03d38ba676f4 replacements=5 evidence=2
processed 233/704 6e0dd6da5d584a6799676af3464c6148 replacements=4 evidence=7
processed 234/704 6e11abf787b741599c84eec9b919ffd4 replacements=5 evidence=8
processed 235/704 6ed844181f4c4efdbc0fa3f5acef0239 replacements=9 evidence=14
processed 236/704 6ef8a8cab7da4bcb95fb8968187e9931 replacements=6 evidence=5
processed 237/704 6f8ecb25294343f29fb75c5d6010676b replacements=10 evidence=8
processed 238/704 6f9ebe1bf59f4ae2922bc92efef50040 replacements=12 evidence=13
processed 239/704 6fa18265f2d64270a8b25da7334c8dc5 replacements=15 evidence=10
processed 240/704 70439999255e4e9c864bb008137300e9 replacements=7 evidence=7
processed 241/704 7088ff81997743ea8ca790a2c4540199 replacements=2 evidence=5
processed 242/704 70dbccbcc67349a690f0cc3bf4585ae0 replacements=10 evidence=17
processed 243/704 70ea5b5ba3694a5c8630cdc2f8114712 replacements=6 evidence=13
processed 244/704 71270bed5359423aa4cebc731b591db8 replacements=6 evidence=6
processed 245/704 71371aa183444ce09dcf382de62b1aad replacements=2 evidence=9
processed 246/704 726b3c080d8a4a08805805311069e79c replacements=7 evidence=8
processed 247/704 7285ada8d5c34823b69d5b4570bff727 replacements=9 evidence=18
processed 248/704 729c7b1d0d454c728fc0f076872eeb40 replacements=6 evidence=16
processed 249/704 730be9a94f2e4ebd96fdfb27835175f4 replacements=4 evidence=17
processed 250/704 731116df57ef4db384cfb498732f032a replacements=7 evidence=5
processed 251/704 7325cd8accab437d8402e01a2f0f5eb5 replacements=11 evidence=9
processed 252/704 736cd98329f7486aa812c358f834e4b5 replacements=4 evidence=3
processed 253/704 7464d8faea1b4985a27242ae932147b0 replacements=9 evidence=9
deferred: GOOGLE_STUDIO_API_KEY_2 HTTP 500 after 4 attempts for 65db9dcdbfa14af3ba5cc15188c6db71
skipped-transient 206/704 65db9dcdbfa14af3ba5cc15188c6db71
waiting: GOOGLE_STUDIO_API_KEY_2 HTTP 500; retry in 300 seconds for 74eca1497f8546fda6a6d6767ba28a98
rate-limit-detail: GOOGLE_STUDIO_API_KEY_2 INTERNAL: Internal error encountered.
processed 254/704 7489285df99e48efa6fd47aab614d1c1 replacements=9 evidence=6
processed 256/704 751bda2ca3fb4f19a5dac105acc45650 replacements=5 evidence=4
processed 257/704 75965acd859247159a046aecaf1ee1fe replacements=8 evidence=11
processed 258/704 75969087fff148bb9a5760aaae16596f replacements=6 evidence=13
processed 259/704 75a23207d9f849019eb0b6d08465ebe8 replacements=6 evidence=7
processed 260/704 75a6e981d34e42d6a370b8dddbc15c83 replacements=6 evidence=12
processed 261/704 75c5365baeeb48c5a84fdd93e2e95c7d replacements=6 evidence=10
waiting: GOOGLE_STUDIO_API_KEY_2 HTTP 500; retry in 600 seconds for 74eca1497f8546fda6a6d6767ba28a98
rate-limit-detail: GOOGLE_STUDIO_API_KEY_2 INTERNAL: Internal error encountered.
processed 262/704 75dbf70164e449ca9720ed4f9a3e661d replacements=4 evidence=7
processed 263/704 76a2e81f81df4bfd81fadcf8b2c1e99f replacements=7 evidence=11
processed 264/704 77b5114e6f424b49bff59a9ebd788ead replacements=3 evidence=5
processed 265/704 7804bf13c8244d11b44c961351d803e3 replacements=6 evidence=6
processed 266/704 78260acd356241d384b545738a01bae1 replacements=8 evidence=15
processed 267/704 782b56d48422406e87c662869db3246d replacements=5 evidence=3
processed 268/704 787b5a6fd6cc4ed4a6ea7758fd6ed446 replacements=4 evidence=5
processed 269/704 79b73ae6f5ec454a95965249878bd765 replacements=6 evidence=4
processed 270/704 7b3a649107974d1188511b3b105ebd36 replacements=10 evidence=13
processed 271/704 7b4f4c3646da4d88a25f552f39827764 replacements=8 evidence=7
processed 272/704 7bfe0fdb2ec94899a914743e22e6d517 replacements=4 evidence=8
processed 273/704 7c6921bbdf604cf49b48ec3fa1f037be replacements=5 evidence=10
processed 274/704 7c8c6d69d34b464db61320da46b4d72a replacements=14 evidence=18
processed 275/704 7cda4eb9cb554bf1837067512014ac5d replacements=8 evidence=6
waiting: GOOGLE_STUDIO_API_KEY_2 HTTP 503; retry in 1200 seconds for 74eca1497f8546fda6a6d6767ba28a98
rate-limit-detail: GOOGLE_STUDIO_API_KEY_2 UNAVAILABLE: This model is currently experiencing high demand. Spikes in demand are usually temporary. Please try again later.
processed 276/704 7cfb7793aea74271969a13e2192611aa replacements=17 evidence=17
processed 277/704 7dd12403bc3d47c6ae93a2e12bf97575 replacements=14 evidence=18
processed 278/704 7ec6ce3a82c047949bd8ec9fb0a36d8f replacements=12 evidence=12
processed 279/704 7f289239130a4b01b5cd25e1335e5a0c replacements=8 evidence=18
processed 280/704 7f84035ff418444ebad82007add33ee6 replacements=6 evidence=11
processed 281/704 7f86b1de82bf49fbac01fb08c6b6679f replacements=8 evidence=5
processed 282/704 7fd72224f8f0410baa7abf02869fba42 replacements=7 evidence=8
processed 283/704 804df78b5b2145e5a9e69a8f0b9081f8 replacements=12 evidence=8
processed 284/704 8089d2ed4cde47aa8cfda49fa93c6645 replacements=6 evidence=8
processed 285/704 813b752ac31b441a9e5cd36fa656d094 replacements=7 evidence=5
processed 286/704 816b73ebc39741acb1f07c1751f3ea34 replacements=16 evidence=18
processed 287/704 81ab48bcd52b4deea274d022e151459f replacements=7 evidence=9
processed 288/704 8258ce4daf4c44bcb004eeab9588c118 replacements=8 evidence=4
processed 289/704 828deeae956142728e9baca24e0a9a72 replacements=13 evidence=11
processed 290/704 82e3bd80714746a5b0d72931c8cb43f5 replacements=6 evidence=14
processed 291/704 82e5ccc2bd1c41788676f5b4e0cae42f replacements=8 evidence=9
processed 292/704 8341a10c8bc94adda3409802283d7c51 replacements=6 evidence=9
processed 293/704 834aa7097c1b4ce88b97adbea02c815d replacements=6 evidence=4
processed 294/704 8355e62d449f474fa46e4fa8b4115f15 replacements=8 evidence=9
processed 295/704 8359a50b4cf8420cb8b498bbefa8d66b replacements=7 evidence=1
processed 296/704 8371ea1308214b2c87f28bd106ccfbf6 replacements=7 evidence=6
processed 297/704 83b24187cf1a4b769f04fa8590881557 replacements=7 evidence=9
processed 298/704 83f463f515ee4413a70461a283ef03ef replacements=7 evidence=10
processed 299/704 842beacdb22c45debe7dd7c20b745911 replacements=4 evidence=6
processed 300/704 842dfaa5bfd64c188bdbe3f4ac1f1ca0 replacements=9 evidence=6
processed 301/704 85a29030d30a4073ab20e849bcee1cef replacements=6 evidence=10
processed 302/704 85d3108025014340941f2f6335aa6ce0 replacements=7 evidence=16
deferred: GOOGLE_STUDIO_API_KEY_2 HTTP 500 after 4 attempts for 74eca1497f8546fda6a6d6767ba28a98
skipped-transient 255/704 74eca1497f8546fda6a6d6767ba28a98
processed 303/704 85e092636d974b419c4fcc619b17dbde replacements=5 evidence=8
processed 304/704 869578a8766b43b69df69e3eb77c4f15 replacements=6 evidence=9
waiting: GOOGLE_STUDIO_API_KEY_2 HTTP 500; retry in 300 seconds for 86c9a87521ec42aba4ddfbb73329df48
rate-limit-detail: GOOGLE_STUDIO_API_KEY_2 INTERNAL: Internal error encountered.
processed 305/704 86aca99aa44d4aba972d4afd7e6ce06a replacements=7 evidence=8
processed 307/704 87383002ff154d1daf45be95ff51a268 replacements=6 evidence=8
processed 308/704 87c33fecdb7a490fb424423b41f215ef replacements=5 evidence=10
processed 309/704 8804e4c9c7dd473b994c8887a2c2f303 replacements=7 evidence=11
processed 310/704 886d08c8819843a6a51f39079216b40c replacements=6 evidence=6
processed 311/704 887ff16a7c1a4d049e3f5bf6c4454714 replacements=6 evidence=8
processed 312/704 88af59bb78874e3686dc39ccb53a84da replacements=11 evidence=9
processed 313/704 88b321231b6d461a89d816c0065173e6 replacements=3 evidence=11
waiting: GOOGLE_STUDIO_API_KEY_2 HTTP 503; retry in 600 seconds for 86c9a87521ec42aba4ddfbb73329df48
rate-limit-detail: GOOGLE_STUDIO_API_KEY_2 UNAVAILABLE: This model is currently experiencing high demand. Spikes in demand are usually temporary. Please try again later.
processed 314/704 88d0e147e35d4fb2aab52e7480de5771 replacements=9 evidence=5
processed 315/704 8927e646bb5e4c9c9d751eae84b0e48d replacements=8 evidence=9
processed 316/704 89a658b02aa74d9eaa751ea2cc393350 replacements=6 evidence=10
processed 317/704 89b86de18591428aad73fef071879701 replacements=7 evidence=4
processed 318/704 89e1ff1c482b4e48b4670b19511d8bf7 replacements=5 evidence=8
processed 319/704 8a8457aa9be24204aa966a611ae4195e replacements=6 evidence=5
processed 320/704 8a92206bd230401f8374501ba9fe01a9 replacements=6 evidence=4
processed 321/704 8abf501dfe98497a96ca01a5cc4ba8de replacements=5 evidence=6
processed 322/704 8b088b26124c49cc97ce0339824368fd replacements=5 evidence=6
processed 323/704 8b0fdb6c9b944b089f9702aa6e84b40e replacements=9 evidence=5
processed 324/704 8b748108920c4a0094a40840a4d21e56 replacements=10 evidence=6
processed 325/704 8baba649faeb455c9476422a631ba718 replacements=7 evidence=3
processed 326/704 8c1bf7d0c7ca42c7bb598566d19317fc replacements=5 evidence=5
processed 327/704 8c6ac60628104a3b8506f49ce017f3c6 replacements=7 evidence=12
processed 328/704 8d1d11b194ca43d286bedf4514704063 replacements=4 evidence=7
processed 329/704 8d3fcef9f1f846e896d00052059c8cde replacements=4 evidence=10
processed 330/704 8d7dbec159c2495daba4b7f721f2e50c replacements=8 evidence=7
waiting: GOOGLE_STUDIO_API_KEY_2 HTTP 503; retry in 1200 seconds for 86c9a87521ec42aba4ddfbb73329df48
rate-limit-detail: GOOGLE_STUDIO_API_KEY_2 UNAVAILABLE: This model is currently experiencing high demand. Spikes in demand are usually temporary. Please try again later.
processed 331/704 8df0e078548a4c16885d0fca2f38d9f7 replacements=6 evidence=16
processed 332/704 8e41732b3a144922944f0052b9c6784a replacements=8 evidence=8
processed 333/704 8e98496d26fa43c0b62da2edd6f6edcf replacements=6 evidence=14
processed 334/704 8ea336918d954a728afbacb2e4f639a8 replacements=5 evidence=6
processed 335/704 8eaae4d71f334f07bfe584be4e197919 replacements=8 evidence=6
processed 336/704 8ec4789f518e4d7bbcee2ab64c05ee15 replacements=7 evidence=6
processed 337/704 8f753ffb0d724e78b92802637ada9df2 replacements=8 evidence=9
processed 338/704 8f8b5813fb26421c9c0d5089f0de8f06 replacements=10 evidence=5
processed 339/704 9012138ce593432fb7d47df0463beec5 replacements=5 evidence=5
processed 340/704 907059855b32401788892798376167d1 replacements=9 evidence=16
processed 341/704 90db1ef2fc4f43328e730546d7f62d12 replacements=21 evidence=7
processed 342/704 9155317774794087984cb7f89e998fd8 replacements=4 evidence=6
processed 343/704 9195bc5b6b66495aa036c51cad53b01f replacements=8 evidence=4
processed 344/704 928e154f46d84f5187d8f2bbcfa7247a replacements=7 evidence=7
processed 345/704 92f3311bfc3047aa8cc01a7ad9dd417b replacements=5 evidence=3
processed 346/704 9357d724039a449697838bc232f8750f replacements=6 evidence=7
processed 347/704 93855b8c7c72472e97fc880a467a55b2 replacements=11 evidence=11
processed 348/704 938d181d902c4dd494b3763f61ae3cf8 replacements=11 evidence=10
processed 349/704 93a489f209bb48dcb39083aefbc25ce1 replacements=6 evidence=6
processed 350/704 941c6b6111934fc7a5656fbeb128357b replacements=5 evidence=7
processed 351/704 94428dbb7c604d88ae6195f684af622c replacements=5 evidence=6
processed 352/704 944c4db84d094b7cafb866befbf30a81 replacements=5 evidence=9
processed 353/704 94a10581a66f490ebed625118879cfae replacements=8 evidence=6
processed 354/704 95259864138743698a9d404e7f3cd3d3 replacements=9 evidence=9
processed 355/704 958527cab9a94b6290a4087b7a18bbcb replacements=9 evidence=10
processed 356/704 95ff081840824932ab9ffb2dd736ca0c replacements=13 evidence=10
processed 357/704 9658cb7419e2474b9be380c23a75dc35 replacements=9 evidence=10
processed 358/704 968881c1e8b241a7b65c65c781af5032 replacements=9 evidence=17
processed 359/704 968913ff495940bfbfcc3f542b5afa91 replacements=7 evidence=11
deferred: GOOGLE_STUDIO_API_KEY_2 HTTP 500 after 4 attempts for 86c9a87521ec42aba4ddfbb73329df48
skipped-transient 306/704 86c9a87521ec42aba4ddfbb73329df48
waiting: GOOGLE_STUDIO_API_KEY_2 HTTP 503; retry in 300 seconds for 981e60dbbc0b4f12a301c4e1a381c589
rate-limit-detail: GOOGLE_STUDIO_API_KEY_2 UNAVAILABLE: This model is currently experiencing high demand. Spikes in demand are usually temporary. Please try again later.
processed 360/704 9784159f984b4f24a7661055e846bf60 replacements=5 evidence=7
processed 362/704 988a7ee52ae443e3aa1ba5888e6dad4e replacements=12 evidence=9
processed 363/704 988b21f7022a46a485f13727830e3e1c replacements=8 evidence=7
processed 364/704 98dfe18762e94fb1a13fd160aedab607 replacements=4 evidence=7
processed 365/704 993454bbf1964a9f9871d1ed78981d1b replacements=6 evidence=9
processed 366/704 994991c8a18f493492c2d5e7a518e2ab replacements=19 evidence=9
skipped-empty 367/704 996306cd50814b64ae0c27ebb152770f
waiting: GOOGLE_STUDIO_API_KEY_2 HTTP 500; retry in 600 seconds for 981e60dbbc0b4f12a301c4e1a381c589
rate-limit-detail: GOOGLE_STUDIO_API_KEY_2 INTERNAL: Internal error encountered.
processed 368/704 996ea666f2894ecb8d41ee5406167942 replacements=8 evidence=8
processed 369/704 997388dd6be245e692656df96456413c replacements=5 evidence=5
processed 370/704 99c3e95df86c4563aaafe0aea57469a5 replacements=5 evidence=9
processed 371/704 99f61be7dd9344dfa8c196f398b4a57c replacements=8 evidence=8
processed 372/704 9a211ed2377d4c019fe8af80d2a9bac7 replacements=4 evidence=5
processed 373/704 9a244b7d20174003895c95f9498079c4 replacements=7 evidence=13
processed 374/704 9a37d45b9c0046f68446ec63c7c733a4 replacements=12 evidence=4
processed 375/704 9a8570b8945f4fb79ee59a251bba2545 replacements=5 evidence=8
processed 376/704 9acaa8702a8b432db53c84f936a4ff43 replacements=7 evidence=6
processed 377/704 9b0c7754531d489c878bd6517e84d7df replacements=5 evidence=3
processed 378/704 9b7e285533394d339062a9d3d88c6f6f replacements=7 evidence=9
processed 379/704 9b812d5a70d24c668fb3bbb7f96a4812 replacements=11 evidence=10
processed 380/704 9c332e89d72c4821a4dac7ba1743afb6 replacements=15 evidence=8
processed 381/704 9cd36fde39254783b0b55579fb2e3c3f replacements=6 evidence=6
processed 382/704 9cfcea270b664755a5bcff9da9f823f5 replacements=6 evidence=11
processed 383/704 9d029eb25e4846faa49d2d09d55c99cf replacements=6 evidence=6
waiting: GOOGLE_STUDIO_API_KEY_2 HTTP 500; retry in 1200 seconds for 981e60dbbc0b4f12a301c4e1a381c589
rate-limit-detail: GOOGLE_STUDIO_API_KEY_2 INTERNAL: Internal error encountered.
processed 384/704 9db46ab0f6e946cdb3f5fcc593f2afcc replacements=21 evidence=14
processed 385/704 9e59715469b2484fbd2c8a62f7708f37 replacements=11 evidence=14
processed 386/704 9f1e267b16e5443cbace733413b84696 replacements=8 evidence=17
processed 387/704 9f24be65a3e94e50a823830bafe18803 replacements=6 evidence=11
processed 388/704 9f7c2be1d09148f7b71d9e1f97991016 replacements=7 evidence=12
processed 389/704 a09c2af273c34b56bb4302966087ca19 replacements=4 evidence=12
processed 390/704 a194adf1bf604428ba2cc2a808f05ccb replacements=8 evidence=8
processed 391/704 a1a8795d38a54669aaa3658121e6d235 replacements=5 evidence=6
processed 392/704 a1f1907464b84346a29d826f25098cf9 replacements=7 evidence=14
processed 393/704 a2020803c1fd4e6a83eaf48d7c811f11 replacements=8 evidence=8
processed 394/704 a21c60fc42fe47548ae0e07b93ee9a6b replacements=7 evidence=5
processed 395/704 a23e8f4ad096417098fc0a5b47127751 replacements=9 evidence=10
processed 396/704 a273bb5d0f2b49eb82f5c3880770696e replacements=6 evidence=14
processed 397/704 a2b711de25a141a28bf8cbfc420bed15 replacements=4 evidence=10
processed 398/704 a41303dc85d240f793580c71015a5bb1 replacements=4 evidence=5
processed 399/704 a429f2b3a2ed4bafa633be38d1e123fc replacements=7 evidence=4
processed 400/704 a4b21416893b466f8100dfe7e7e3b1de replacements=9 evidence=5
processed 401/704 a4b99fa708fe459ba36ed2df3a545ddb replacements=6 evidence=8
skipped-empty 402/704 a4cbd4323aab4d5582afb60271e5810e
processed 403/704 a4dc7bdfe6e94c0c8b721e28e90eecc5 replacements=10 evidence=9
processed 404/704 a4fa5762bc5740dab82c5b6d22118a27 replacements=4 evidence=7
processed 405/704 a5896251dda045e3af3604c55198c05a replacements=9 evidence=6
processed 406/704 a5e743f6e19d43c6bb96d54ebc298a86 replacements=7 evidence=12
processed 407/704 a614b2d22a7e4f63a0679f95b8741a4f replacements=9 evidence=12
processed 408/704 a66c5878260a47dfa61163a6ae0694d1 replacements=8 evidence=10
processed 409/704 a6de433a6bdd49a2b3dbcba48f6953be replacements=10 evidence=10
processed 410/704 a731466b28594598b35471bf5a13704f replacements=11 evidence=6
processed 411/704 a7aafe40ae4d43bc8163fc6c581ccb73 replacements=5 evidence=4
processed 412/704 a7f0140dafb34e66b3aa550037a8f686 replacements=8 evidence=12
deferred: GOOGLE_STUDIO_API_KEY_2 HTTP 503 after 4 attempts for 981e60dbbc0b4f12a301c4e1a381c589
skipped-transient 361/704 981e60dbbc0b4f12a301c4e1a381c589
waiting: GOOGLE_STUDIO_API_KEY_2 HTTP 500; retry in 300 seconds for a880882c02934c5b974837ee5e5af602
rate-limit-detail: GOOGLE_STUDIO_API_KEY_2 INTERNAL: Internal error encountered.
processed 413/704 a8021bdbb5c24d02b73bb5a0db01ce10 replacements=37 evidence=9
processed 415/704 a97164f116d048edb98cc3a6d3d10931 replacements=9 evidence=17
processed 416/704 a98801a23204489e890a00bc15a4f2aa replacements=20 evidence=26
processed 417/704 a995ca0700bd44ab9176ef05c2d2ad0a replacements=5 evidence=9
processed 418/704 a9a07b231b8a4f8392036a7e116eae28 replacements=6 evidence=11
processed 419/704 aa4cb812bad147909e25f4ef7b98777d replacements=10 evidence=14
waiting: GOOGLE_STUDIO_API_KEY_2 HTTP 500; retry in 600 seconds for a880882c02934c5b974837ee5e5af602
rate-limit-detail: GOOGLE_STUDIO_API_KEY_2 INTERNAL: Internal error encountered.
processed 420/704 aa595810a5b8479a9f39cd7435d22364 replacements=3 evidence=8
processed 421/704 ac06f8cbdcb54937a9eaf80ff27cf5ee replacements=51 evidence=12
processed 422/704 ac1c1f2c6b804186866d0c6df53fb745 replacements=8 evidence=10
processed 423/704 ac62606fe59f4ea2bd943f0baf90cdde replacements=8 evidence=10
processed 424/704 acca04f6a2f041188efffb22226264e3 replacements=5 evidence=3
processed 425/704 ad1cf207cfeb474d97d611cf34516cde replacements=4 evidence=2
processed 426/704 ad4e5a4e67de4753aa9b8ef48def69e4 replacements=8 evidence=10
processed 427/704 ad79df3dfdcc425f9f069acdf3232b15 replacements=7 evidence=7
processed 428/704 ae0a36aacc71429da870666335f7262c replacements=6 evidence=8
processed 429/704 ae979fb979bb467d8263d87937486adf replacements=6 evidence=14
processed 430/704 aec1a4f02b8841cdbc11e46e2ebbf014 replacements=13 evidence=13
processed 431/704 af01d24c9d5942c0853be97d5a509835 replacements=10 evidence=9
processed 432/704 afe16da729714bcd9a9a4769a1a00136 replacements=5 evidence=4
processed 433/704 b035084fa173408fb7f0207528e615a9 replacements=9 evidence=14
waiting: GOOGLE_STUDIO_API_KEY_2 URLError; retry in 1200 seconds for a880882c02934c5b974837ee5e5af602
waiting: GOOGLE_STUDIO_API_KEY ConnectionResetError; retry in 300 seconds for b05a8155acf1471ca27f9206488db0a0
