selected=94 workers=2 keys=GOOGLE_STUDIO_API_KEY_2,GOOGLE_STUDIO_API_KEY_3 linked_indictments=927
waiting: GOOGLE_STUDIO_API_KEY_3 HTTP 500; retry in 300 seconds for 99d6cd373a20456d3a5f7930e629d1f41e15df3f3959440ed069f8f3b499092a
api-detail: GOOGLE_STUDIO_API_KEY_3 INTERNAL: Internal error encountered.
waiting: GOOGLE_STUDIO_API_KEY_2 HTTP 500; retry in 300 seconds for bf2662dcfd572da434bed31437a500ae0688a711b87f743d5cdd15cce880e6ee
api-detail: GOOGLE_STUDIO_API_KEY_2 INTERNAL: Internal error encountered.
waiting: GOOGLE_STUDIO_API_KEY_2 HTTP 500; retry in 600 seconds for bf2662dcfd572da434bed31437a500ae0688a711b87f743d5cdd15cce880e6ee
api-detail: GOOGLE_STUDIO_API_KEY_2 INTERNAL: Internal error encountered.
processed 2/94 99d6cd373a20456d3a5f7930e629d1f41e15df3f3959440ed069f8f3b499092a key=GOOGLE_STUDIO_API_KEY_3 replacements=27 evidence=26 paired_evidence=32
processed 3/94 aeaef9ab6636419486d90a0c313868ebdc598b000c40abc0cdf388cfc1fac087 key=GOOGLE_STUDIO_API_KEY_3 replacements=13 evidence=8 paired_evidence=14
processed 4/94 e276ad2df04ba25072e9a75b657bedc1e23af09921ddd628418c05863fabc2fb key=GOOGLE_STUDIO_API_KEY_3 replacements=12 evidence=6 paired_evidence=12
processed 5/94 4fc7049c3fb7e551f620f9b6f667a383e294c9d67b81d247a47be3b2ff3d4e3a key=GOOGLE_STUDIO_API_KEY_3 replacements=12 evidence=5 paired_evidence=10
processed 6/94 0d15e5789750ccf6e33e856fb2a99300b7f91efee5d705c0f200d631a45102b9 key=GOOGLE_STUDIO_API_KEY_3 replacements=17 evidence=8 paired_evidence=14
waiting: GOOGLE_STUDIO_API_KEY_3 HTTP 503; retry in 300 seconds for 2cb7396a4044ce40817a3452f0ab408e6db78ab2c4c60bbc966f13f216739c5f
api-detail: GOOGLE_STUDIO_API_KEY_3 UNAVAILABLE: This model is currently experiencing high demand. Spikes in demand are usually temporary. Please try again later.
processed 1/94 bf2662dcfd572da434bed31437a500ae0688a711b87f743d5cdd15cce880e6ee key=GOOGLE_STUDIO_API_KEY_2 replacements=14 evidence=15 paired_evidence=29
processed 8/94 21d65d9f1450e46a5b8ec05f5a8d7f4b1b8ba83c9b253303907feddf47efab07 key=GOOGLE_STUDIO_API_KEY_2 replacements=15 evidence=8 paired_evidence=14
processed 7/94 2cb7396a4044ce40817a3452f0ab408e6db78ab2c4c60bbc966f13f216739c5f key=GOOGLE_STUDIO_API_KEY_3 replacements=10 evidence=15 paired_evidence=27
processed 9/94 04cd20c52d0e1b3939fe72c1ccea72ba8903f751b259b8b99098b57cb2404a7a key=GOOGLE_STUDIO_API_KEY_2 replacements=17 evidence=11 paired_evidence=25
waiting: GOOGLE_STUDIO_API_KEY_2 HTTP 500; retry in 300 seconds for 58edbc07385c8756337d0d2dc18e67726df1e15b08e8ab460d26f89d0abe83fd
api-detail: GOOGLE_STUDIO_API_KEY_2 INTERNAL: Internal error encountered.
processed 10/94 baeccb7bb38f4b613a0604a1dcb30782035345dcda33b3e720525b2f89961450 key=GOOGLE_STUDIO_API_KEY_3 replacements=11 evidence=12 paired_evidence=24
waiting: GOOGLE_STUDIO_API_KEY_3 HTTP 503; retry in 300 seconds for 879ae7f1b03410ed1eae443918651ec22d868c936b09df203a484021fbfb6bf2
api-detail: GOOGLE_STUDIO_API_KEY_3 UNAVAILABLE: This model is currently experiencing high demand. Spikes in demand are usually temporary. Please try again later.
processed 11/94 58edbc07385c8756337d0d2dc18e67726df1e15b08e8ab460d26f89d0abe83fd key=GOOGLE_STUDIO_API_KEY_2 replacements=13 evidence=9 paired_evidence=22
waiting: GOOGLE_STUDIO_API_KEY_2 HTTP 503; retry in 300 seconds for 203b24d962b178a22c2e95377bfaf30b2c88cc441845bc2396292f0550967036
api-detail: GOOGLE_STUDIO_API_KEY_2 UNAVAILABLE: This model is currently experiencing high demand. Spikes in demand are usually temporary. Please try again later.
processed 12/94 879ae7f1b03410ed1eae443918651ec22d868c936b09df203a484021fbfb6bf2 key=GOOGLE_STUDIO_API_KEY_3 replacements=10 evidence=5 paired_evidence=9
waiting: GOOGLE_STUDIO_API_KEY_3 HTTP 500; retry in 300 seconds for d216080c79d8422c429abeb17594f4660e5840236bf6a0f9d49933bb98498b91
api-detail: GOOGLE_STUDIO_API_KEY_3 INTERNAL: Internal error encountered.
waiting: GOOGLE_STUDIO_API_KEY_2 HTTP 500; retry in 600 seconds for 203b24d962b178a22c2e95377bfaf30b2c88cc441845bc2396292f0550967036
api-detail: GOOGLE_STUDIO_API_KEY_2 INTERNAL: Internal error encountered.
processed 14/94 d216080c79d8422c429abeb17594f4660e5840236bf6a0f9d49933bb98498b91 key=GOOGLE_STUDIO_API_KEY_3 replacements=15 evidence=12 paired_evidence=19
processed 15/94 a987fdfb3d88ba8ea8c1cfa18598671acfaf5ebbdc24bf2b5b7aa7d6bbae7992 key=GOOGLE_STUDIO_API_KEY_3 replacements=10 evidence=4 paired_evidence=8
waiting: GOOGLE_STUDIO_API_KEY_3 HTTP 500; retry in 300 seconds for b21dfd0d6e5eb38cc8c9e4c8a170925ac72532b969341e72ac9dcad1ef38de76
api-detail: GOOGLE_STUDIO_API_KEY_3 INTERNAL: Internal error encountered.
waiting: GOOGLE_STUDIO_API_KEY_3 HTTP 503; retry in 600 seconds for b21dfd0d6e5eb38cc8c9e4c8a170925ac72532b969341e72ac9dcad1ef38de76
api-detail: GOOGLE_STUDIO_API_KEY_3 UNAVAILABLE: This model is currently experiencing high demand. Spikes in demand are usually temporary. Please try again later.
processed 13/94 203b24d962b178a22c2e95377bfaf30b2c88cc441845bc2396292f0550967036 key=GOOGLE_STUDIO_API_KEY_2 replacements=14 evidence=4 paired_evidence=15
waiting: GOOGLE_STUDIO_API_KEY_2 HTTP 500; retry in 300 seconds for 2c551c4fe96e800ad4af5fe1e0cb1c3b44fbf82311fd575cf766416b5b594d70
api-detail: GOOGLE_STUDIO_API_KEY_2 INTERNAL: Internal error encountered.
processed 17/94 2c551c4fe96e800ad4af5fe1e0cb1c3b44fbf82311fd575cf766416b5b594d70 key=GOOGLE_STUDIO_API_KEY_2 replacements=11 evidence=6 paired_evidence=11
waiting: GOOGLE_STUDIO_API_KEY_2 HTTP 503; retry in 300 seconds for 233c51a96b6097d573df8c148bb01b8594bb85ea6b0f3acda9f04f07aaf115c6
api-detail: GOOGLE_STUDIO_API_KEY_2 UNAVAILABLE: This model is currently experiencing high demand. Spikes in demand are usually temporary. Please try again later.
processed 16/94 b21dfd0d6e5eb38cc8c9e4c8a170925ac72532b969341e72ac9dcad1ef38de76 key=GOOGLE_STUDIO_API_KEY_3 replacements=13 evidence=11 paired_evidence=20
waiting: GOOGLE_STUDIO_API_KEY_3 HTTP 503; retry in 300 seconds for 6b9982b0705513120a8b50ef7ba09b7e3a1b8937ae75630b8556c083e9815e02
api-detail: GOOGLE_STUDIO_API_KEY_3 UNAVAILABLE: This model is currently experiencing high demand. Spikes in demand are usually temporary. Please try again later.
processed 18/94 233c51a96b6097d573df8c148bb01b8594bb85ea6b0f3acda9f04f07aaf115c6 key=GOOGLE_STUDIO_API_KEY_2 replacements=12 evidence=10 paired_evidence=21
processed 20/94 fb5470bcc51d57ddfcd514ce6d1d88712f4e5dcd28c1f2925fc2ca81797fd4ab key=GOOGLE_STUDIO_API_KEY_2 replacements=9 evidence=3 paired_evidence=9
waiting: GOOGLE_STUDIO_API_KEY_2 HTTP 500; retry in 300 seconds for 077b0fbe2bb48eea0b0f71ab3b7cc4dccc87011027bddcb5b28e1a0faf43517c
api-detail: GOOGLE_STUDIO_API_KEY_2 INTERNAL: Internal error encountered.
processed 19/94 6b9982b0705513120a8b50ef7ba09b7e3a1b8937ae75630b8556c083e9815e02 key=GOOGLE_STUDIO_API_KEY_3 replacements=12 evidence=13 paired_evidence=26
waiting: GOOGLE_STUDIO_API_KEY_3 HTTP 500; retry in 300 seconds for 62af4c16f69887f37b1121a3e6560d21891ed4e92b36627c98db0e09adb4e080
api-detail: GOOGLE_STUDIO_API_KEY_3 INTERNAL: Internal error encountered.
processed 21/94 077b0fbe2bb48eea0b0f71ab3b7cc4dccc87011027bddcb5b28e1a0faf43517c key=GOOGLE_STUDIO_API_KEY_2 replacements=11 evidence=11 paired_evidence=27
processed 23/94 9934d591430a07ee43d46da705f256d8cfa7800707293455d3c020051732c283 key=GOOGLE_STUDIO_API_KEY_2 replacements=11 evidence=8 paired_evidence=12
processed 22/94 62af4c16f69887f37b1121a3e6560d21891ed4e92b36627c98db0e09adb4e080 key=GOOGLE_STUDIO_API_KEY_3 replacements=14 evidence=16 paired_evidence=25
processed 24/94 84e7a313d7797e7cf44189dc86dac82b3ccbbf668b49cf41de2676af014d0748 key=GOOGLE_STUDIO_API_KEY_2 replacements=12 evidence=9 paired_evidence=18
processed 25/94 2303c34201acfe5dae3748ccabd1e7e9a915c4b20519ff01f1a14f7f4738b1d4 key=GOOGLE_STUDIO_API_KEY_3 replacements=15 evidence=8 paired_evidence=14
processed 26/94 53866456e69967332132e9e389478216c421f3705b0eec1cfcdf3e7ee2936bad key=GOOGLE_STUDIO_API_KEY_2 replacements=9 evidence=8 paired_evidence=11
waiting: GOOGLE_STUDIO_API_KEY_2 HTTP 500; retry in 300 seconds for cbbf6804c6bdf588364ffa19c6bbcbdfcb2d9aa59231caa5a71c23def1357650
api-detail: GOOGLE_STUDIO_API_KEY_2 INTERNAL: Internal error encountered.
processed 27/94 57ea89e88aaa6d210bcf71d44dfe96125962e94a1e89315a94d57b180c09d7c3 key=GOOGLE_STUDIO_API_KEY_3 replacements=11 evidence=11 paired_evidence=20
waiting: GOOGLE_STUDIO_API_KEY_3 HTTP 500; retry in 300 seconds for be0560339478442e10b8844c21074c5d576f9b617a54527e8366da32be20e6fd
api-detail: GOOGLE_STUDIO_API_KEY_3 INTERNAL: Internal error encountered.
processed 28/94 cbbf6804c6bdf588364ffa19c6bbcbdfcb2d9aa59231caa5a71c23def1357650 key=GOOGLE_STUDIO_API_KEY_2 replacements=11 evidence=5 paired_evidence=12
processed 29/94 be0560339478442e10b8844c21074c5d576f9b617a54527e8366da32be20e6fd key=GOOGLE_STUDIO_API_KEY_3 replacements=12 evidence=5 paired_evidence=9
processed 30/94 5be5e261beda5ab098d2af648f900a81da92464b127c5444c9d1f58ba68a6ae0 key=GOOGLE_STUDIO_API_KEY_2 replacements=19 evidence=14 paired_evidence=20
processed 31/94 42fd1367ba5d145d928e94f02d506570fe5a3780771f1fcef37be157d8424110 key=GOOGLE_STUDIO_API_KEY_3 replacements=10 evidence=6 paired_evidence=14
processed 32/94 8b8a2c88c57bec9c3b5518f15bcb222d1cc1e4dcad624d9ec011e8ba69b33d25 key=GOOGLE_STUDIO_API_KEY_2 replacements=13 evidence=11 paired_evidence=20
waiting: GOOGLE_STUDIO_API_KEY_2 HTTP 503; retry in 300 seconds for 9fef91ba85ce547cbae8cb8d8a9d2d41736fc49d5799071e69322ab8dec5d9b1
api-detail: GOOGLE_STUDIO_API_KEY_2 UNAVAILABLE: This model is currently experiencing high demand. Spikes in demand are usually temporary. Please try again later.
processed 33/94 8f90699f4bcc99c56b25b83703fdcbf4acc8197808435b1c1e0c3ecac2905ed9 key=GOOGLE_STUDIO_API_KEY_3 replacements=12 evidence=8 paired_evidence=16
waiting: GOOGLE_STUDIO_API_KEY_3 HTTP 503; retry in 300 seconds for d6cf008f31c83b93389a1d4735e7d41e626a93dd2588d691e646bf10ab5cb762
api-detail: GOOGLE_STUDIO_API_KEY_3 UNAVAILABLE: This model is currently experiencing high demand. Spikes in demand are usually temporary. Please try again later.
processed 34/94 9fef91ba85ce547cbae8cb8d8a9d2d41736fc49d5799071e69322ab8dec5d9b1 key=GOOGLE_STUDIO_API_KEY_2 replacements=9 evidence=5 paired_evidence=13
processed 35/94 d6cf008f31c83b93389a1d4735e7d41e626a93dd2588d691e646bf10ab5cb762 key=GOOGLE_STUDIO_API_KEY_3 replacements=19 evidence=7 paired_evidence=22
waiting: GOOGLE_STUDIO_API_KEY_3 HTTP 500; retry in 300 seconds for c4c48b9186557670c385185f18f14f0932b5ba0d9d1292577bdd7326523e09c5
api-detail: GOOGLE_STUDIO_API_KEY_3 INTERNAL: Internal error encountered.
processed 36/94 8d739b7b714dfd8cd3df4c6f04b7853178808f4d45b2b9a588e3f632fb69d445 key=GOOGLE_STUDIO_API_KEY_2 replacements=18 evidence=17 paired_evidence=31
waiting: GOOGLE_STUDIO_API_KEY_2 HTTP 503; retry in 300 seconds for c99c6c5f8d3ab3427ce25f91b6ac656f51593a6775a319a693ca15513300b096
api-detail: GOOGLE_STUDIO_API_KEY_2 UNAVAILABLE: This model is currently experiencing high demand. Spikes in demand are usually temporary. Please try again later.
waiting: GOOGLE_STUDIO_API_KEY_3 HTTP 500; retry in 600 seconds for c4c48b9186557670c385185f18f14f0932b5ba0d9d1292577bdd7326523e09c5
api-detail: GOOGLE_STUDIO_API_KEY_3 INTERNAL: Internal error encountered.
processed 38/94 c99c6c5f8d3ab3427ce25f91b6ac656f51593a6775a319a693ca15513300b096 key=GOOGLE_STUDIO_API_KEY_2 replacements=13 evidence=15 paired_evidence=34
processed 39/94 ef0683ca64bbc88b695093a1851ce7091d8cbd550f45623675602560bf715ddb key=GOOGLE_STUDIO_API_KEY_2 replacements=12 evidence=7 paired_evidence=13
waiting: GOOGLE_STUDIO_API_KEY_2 HTTP 500; retry in 300 seconds for 2445ebd12322b6617dc421a6e2f5673fa7ba32de9e19c6cf05aff7cd61151165
api-detail: GOOGLE_STUDIO_API_KEY_2 INTERNAL: Internal error encountered.
waiting: GOOGLE_STUDIO_API_KEY_3 HTTP 500; retry in 1200 seconds for c4c48b9186557670c385185f18f14f0932b5ba0d9d1292577bdd7326523e09c5
api-detail: GOOGLE_STUDIO_API_KEY_3 INTERNAL: Internal error encountered.
processed 40/94 2445ebd12322b6617dc421a6e2f5673fa7ba32de9e19c6cf05aff7cd61151165 key=GOOGLE_STUDIO_API_KEY_2 replacements=9 evidence=8 paired_evidence=20
processed 41/94 de70882fb366e2e1a96cc619dac2d91a1020f9e4df90d5136f49162087677d87 key=GOOGLE_STUDIO_API_KEY_2 replacements=11 evidence=2 paired_evidence=10
processed 42/94 25648be879efa7f0861cd2c71f5b2817436ed632c32444e6b1772e69f5608fba key=GOOGLE_STUDIO_API_KEY_2 replacements=21 evidence=28 paired_evidence=48
processed 43/94 a0a1e46e5a7d15d50d480a6e1c6dbc7b5d56a298ef261779795bce00915ad06a key=GOOGLE_STUDIO_API_KEY_2 replacements=13 evidence=11 paired_evidence=26
processed 44/94 200e4d739e0549affa1cbc937c816a335366208202f6b2f62fde3c94f87becd1 key=GOOGLE_STUDIO_API_KEY_2 replacements=13 evidence=13 paired_evidence=22
processed 45/94 970c98ac274938cef698c879eb8e28d061566f2d0f4a2ce9cbbe9510651f6ac6 key=GOOGLE_STUDIO_API_KEY_2 replacements=26 evidence=16 paired_evidence=39
waiting: GOOGLE_STUDIO_API_KEY_2 HTTP 503; retry in 300 seconds for 746d1c46b37195a343407e4b0224ac75c8558447a4b5933a1d7423bac565bc9d
api-detail: GOOGLE_STUDIO_API_KEY_2 UNAVAILABLE: This model is currently experiencing high demand. Spikes in demand are usually temporary. Please try again later.
processed 46/94 746d1c46b37195a343407e4b0224ac75c8558447a4b5933a1d7423bac565bc9d key=GOOGLE_STUDIO_API_KEY_2 replacements=13 evidence=10 paired_evidence=20
waiting: GOOGLE_STUDIO_API_KEY_2 HTTP 500; retry in 300 seconds for 6c6ef2c8be1fc7faf4fb075a25965fa924a5b3b427fa262e30b5cd8bbcc8596a
api-detail: GOOGLE_STUDIO_API_KEY_2 INTERNAL: Internal error encountered.
waiting: GOOGLE_STUDIO_API_KEY_2 HTTP 503; retry in 600 seconds for 6c6ef2c8be1fc7faf4fb075a25965fa924a5b3b427fa262e30b5cd8bbcc8596a
api-detail: GOOGLE_STUDIO_API_KEY_2 UNAVAILABLE: This model is currently experiencing high demand. Spikes in demand are usually temporary. Please try again later.
processed 37/94 c4c48b9186557670c385185f18f14f0932b5ba0d9d1292577bdd7326523e09c5 key=GOOGLE_STUDIO_API_KEY_3 replacements=7 evidence=2 paired_evidence=7
processed 48/94 818c0ef9bbd9709a7bbc41c6b2480b77fca1f44a1ab7dbb0cb91c9c0f01cc3f0 key=GOOGLE_STUDIO_API_KEY_3 replacements=15 evidence=18 paired_evidence=28
waiting: GOOGLE_STUDIO_API_KEY_3 HTTP 500; retry in 300 seconds for fe17227d48dac8d96da3d9af4fbb197916f9385f23725f67f232a6deb069be3f
api-detail: GOOGLE_STUDIO_API_KEY_3 INTERNAL: Internal error encountered.
processed 49/94 fe17227d48dac8d96da3d9af4fbb197916f9385f23725f67f232a6deb069be3f key=GOOGLE_STUDIO_API_KEY_3 replacements=38 evidence=10 paired_evidence=18
waiting: GOOGLE_STUDIO_API_KEY_2 HTTP 500; retry in 1200 seconds for 6c6ef2c8be1fc7faf4fb075a25965fa924a5b3b427fa262e30b5cd8bbcc8596a
api-detail: GOOGLE_STUDIO_API_KEY_2 INTERNAL: Internal error encountered.
processed 50/94 35b2fdf13694379554a32866198db1bfc9ae4f310393dc4caf152c06e2d6e4ea key=GOOGLE_STUDIO_API_KEY_3 replacements=42 evidence=17 paired_evidence=30
processed 51/94 b7a9ef88940b2bec101af72fc8037ebfc160047d1b74a3bc5f9f17fe872a4923 key=GOOGLE_STUDIO_API_KEY_3 replacements=17 evidence=15 paired_evidence=41
waiting: GOOGLE_STUDIO_API_KEY_3 HTTP 500; retry in 300 seconds for babe98f58b4a278f8486f2aeea5aaf499b69a55845f5808422c7a1135c573520
api-detail: GOOGLE_STUDIO_API_KEY_3 INTERNAL: Internal error encountered.
processed 52/94 babe98f58b4a278f8486f2aeea5aaf499b69a55845f5808422c7a1135c573520 key=GOOGLE_STUDIO_API_KEY_3 replacements=20 evidence=2 paired_evidence=16
processed 53/94 07b23e4b9589fda7c1e327dfa9b148ccf4a241cafe0cf76c470d53d89a53c11b key=GOOGLE_STUDIO_API_KEY_3 replacements=30 evidence=14 paired_evidence=25
processed 54/94 9172962581738b381a3560ac58dc408160eef059981f5264450f2c075b5ad2d6 key=GOOGLE_STUDIO_API_KEY_3 replacements=19 evidence=14 paired_evidence=26
waiting: GOOGLE_STUDIO_API_KEY_3 HTTP 500; retry in 300 seconds for fdfeb7a2df7d0ca9b0faede43e5421d965824ee373b4a90767aebb03f4936672
api-detail: GOOGLE_STUDIO_API_KEY_3 INTERNAL: Internal error encountered.
waiting: GOOGLE_STUDIO_API_KEY_3 HTTP 503; retry in 600 seconds for fdfeb7a2df7d0ca9b0faede43e5421d965824ee373b4a90767aebb03f4936672
api-detail: GOOGLE_STUDIO_API_KEY_3 UNAVAILABLE: This model is currently experiencing high demand. Spikes in demand are usually temporary. Please try again later.
processed 47/94 6c6ef2c8be1fc7faf4fb075a25965fa924a5b3b427fa262e30b5cd8bbcc8596a key=GOOGLE_STUDIO_API_KEY_2 replacements=16 evidence=10 paired_evidence=15
waiting: GOOGLE_STUDIO_API_KEY_2 HTTP 500; retry in 300 seconds for 230a694f103ebddadc9958ae4c3bd6bc8f4b5fbcad61829095c98cd31abca31f
api-detail: GOOGLE_STUDIO_API_KEY_2 INTERNAL: Internal error encountered.
waiting: GOOGLE_STUDIO_API_KEY_2 HTTP 503; retry in 600 seconds for 230a694f103ebddadc9958ae4c3bd6bc8f4b5fbcad61829095c98cd31abca31f
api-detail: GOOGLE_STUDIO_API_KEY_2 UNAVAILABLE: This model is currently experiencing high demand. Spikes in demand are usually temporary. Please try again later.
waiting: GOOGLE_STUDIO_API_KEY_3 HTTP 503; retry in 1200 seconds for fdfeb7a2df7d0ca9b0faede43e5421d965824ee373b4a90767aebb03f4936672
api-detail: GOOGLE_STUDIO_API_KEY_3 UNAVAILABLE: This model is currently experiencing high demand. Spikes in demand are usually temporary. Please try again later.
processed 56/94 230a694f103ebddadc9958ae4c3bd6bc8f4b5fbcad61829095c98cd31abca31f key=GOOGLE_STUDIO_API_KEY_2 replacements=20 evidence=10 paired_evidence=15
waiting: GOOGLE_STUDIO_API_KEY_2 HTTP 503; retry in 300 seconds for 3379de499cbe44494889043755195c038f73bc07ca948222837adaadd8306b3a
api-detail: GOOGLE_STUDIO_API_KEY_2 UNAVAILABLE: This model is currently experiencing high demand. Spikes in demand are usually temporary. Please try again later.
processed 57/94 3379de499cbe44494889043755195c038f73bc07ca948222837adaadd8306b3a key=GOOGLE_STUDIO_API_KEY_2 replacements=18 evidence=20 paired_evidence=30
processed 58/94 fe43c1474d391591d3bc8896671bf73e705408bb5591d0e064e62952cddb5ecd key=GOOGLE_STUDIO_API_KEY_2 replacements=13 evidence=13 paired_evidence=19
processed 59/94 d3c117641b57586fa87c709d381b379b0b465b5ac1e331645101a72dfc79000a key=GOOGLE_STUDIO_API_KEY_2 replacements=26 evidence=15 paired_evidence=25
processed 55/94 fdfeb7a2df7d0ca9b0faede43e5421d965824ee373b4a90767aebb03f4936672 key=GOOGLE_STUDIO_API_KEY_3 replacements=10 evidence=6 paired_evidence=11
processed 60/94 8b82f41df43681c19f3b3c402c28ff93c23a026153acc4a0a13963a0f5a87b4f key=GOOGLE_STUDIO_API_KEY_2 replacements=12 evidence=10 paired_evidence=18
waiting: GOOGLE_STUDIO_API_KEY_2 HTTP 500; retry in 300 seconds for 6020fd794f2401761ef115723310255e74b04533f757dc9c94b4a585a6601f13
api-detail: GOOGLE_STUDIO_API_KEY_2 INTERNAL: Internal error encountered.
processed 61/94 38d41077fb3370d29b4a2daf8a354604c7f550c8a3cebae50e16067cad4985c7 key=GOOGLE_STUDIO_API_KEY_3 replacements=16 evidence=12 paired_evidence=22
waiting: GOOGLE_STUDIO_API_KEY_3 HTTP 500; retry in 300 seconds for c6962ec29219e4c1b720b3bb2d70b3d144d7a936a7fa43ac73fd4e6212de23b8
api-detail: GOOGLE_STUDIO_API_KEY_3 INTERNAL: Internal error encountered.
waiting: GOOGLE_STUDIO_API_KEY_2 HTTP 500; retry in 600 seconds for 6020fd794f2401761ef115723310255e74b04533f757dc9c94b4a585a6601f13
api-detail: GOOGLE_STUDIO_API_KEY_2 INTERNAL: Internal error encountered.
waiting: GOOGLE_STUDIO_API_KEY_3 HTTP 500; retry in 600 seconds for c6962ec29219e4c1b720b3bb2d70b3d144d7a936a7fa43ac73fd4e6212de23b8
api-detail: GOOGLE_STUDIO_API_KEY_3 INTERNAL: Internal error encountered.
