rerendered 1/70 601d31622897400d8905fcc04cf545cb replacements=7 evidence=6
rerendered 2/70 8051120c5fb34e39bed38a38e945e030 replacements=10 evidence=11
rerendered 3/70 f748c27b31894a3ba7566ec1a7cb4c83 replacements=11 evidence=3
rerendered 4/70 a6855ffbb1d94f458f1501cb8ba56992 replacements=3 evidence=3
rerendered 5/70 5f25a031e1434091accf6290ab4aae0d replacements=34 evidence=20
rerendered 6/70 2df6abbf749d41508d6836c80e79dd26 replacements=7 evidence=7
rerendered 7/70 40ceed6e951f4a5ba2ca95d15a947745 replacements=17 evidence=16
rerendered 8/70 e183fd3e62054b8193d7862938af4bb9 replacements=9 evidence=10
rerendered 9/70 6c02e81203a848c6a92f0c837c025702 replacements=10 evidence=21
rerendered 10/70 99733274a3674b5e9fdc873ca569fab2 replacements=4 evidence=6
rerendered 11/70 0ca7bad455eb435e8587f1d977fd3c9c replacements=14 evidence=8
rerendered 12/70 df7a748e87eb460d8c1289d1dc0f23d7 replacements=10 evidence=13
rerendered 13/70 0adccf22ba094973884eb72ba7f1bdc4 replacements=19 evidence=15
rerendered 14/70 e361dae822814173a8db711a8e037494 replacements=9 evidence=19
rerendered 15/70 ce98adb0c84449e1bcbc908adae68735 replacements=7 evidence=6
rerendered 16/70 73df2c33912f4cfda4755f7c16d912b2 replacements=5 evidence=4
rerendered 17/70 a87654b181ea4db7a0301d4b19e89287 replacements=24 evidence=8
rerendered 18/70 8bf10335c0eb4bb3977eabfa7dea6b2f replacements=10 evidence=15
rerendered 19/70 b6a772feafce4795b18618ce273a542e replacements=4 evidence=9
rerendered 20/70 f685861471e24354ba388b104d42e9da replacements=14 evidence=15
rerendered 21/70 3f5fe413b95945f89cd5cf367e39ff80 replacements=9 evidence=9
rerendered 22/70 896d1d425e1b4bbfa48bbdc3a8023a7b replacements=3 evidence=6
rerendered 23/70 96c005410bf9455c80bebbf80d73f2b5 replacements=16 evidence=9
rerendered 24/70 b287f08cd76644e1ba054a66ac2cdb46 replacements=9 evidence=5
rerendered 25/70 f42e06ed4e7b45818c18bedd2e27839a replacements=5 evidence=7
rerendered 26/70 22db97b213e241d68d8b680e1eaf63b7 replacements=7 evidence=9
rerendered 27/70 3e2f3b3a22ec4531849688d0016fca8c replacements=10 evidence=5
rerendered 28/70 128d220cf4e54b9aa32e8f8d38c79485 replacements=21 evidence=6
rerendered 29/70 931b9db01676423c9983ba0a9abb04e0 replacements=6 evidence=13
rerendered 30/70 655b2c52097540c783d990940670545c replacements=16 evidence=9
rerendered 31/70 554c5beca2824741aaf83a32013d4162 replacements=6 evidence=8
rerendered 32/70 48135cfac0db4ccba7e7c1682abed9c0 replacements=7 evidence=8
rerendered 33/70 098fbbe72d604cbfa9723c15e58da3cf replacements=13 evidence=8
rerendered 34/70 509df00d10ee4323beabf9860587794f replacements=10 evidence=10
rerendered 35/70 363d5c7a0ca14e7d90b66e6f5c7e1538 replacements=4 evidence=4
rerendered 36/70 ed313c614d90429b9672aaa90953abe2 replacements=7 evidence=7
rerendered 37/70 7f9ced8571dd49ebb70c15d70d3683fc replacements=4 evidence=8
rerendered 38/70 ea22f8386e414a12b2b49203ab569137 replacements=8 evidence=5
rerendered 39/70 5364920c24f9448cb9618eaa272dfe2a replacements=9 evidence=6
rerendered 40/70 fda36d8873cf4ba6b36f6f4a38459d6d replacements=5 evidence=9
rerendered 41/70 c087c45bb7714d609302d40d0a1cd94f replacements=3 evidence=6
rerendered 42/70 751764bbdb584bd88800c7cdc3478bb4 replacements=7 evidence=9
rerendered 43/70 c6237e38afa14d40b4ec0dce2269b3fd replacements=6 evidence=5
rerendered 44/70 125be33777f04b4680a4822063188060 replacements=8 evidence=6
rerendered 45/70 fd5d173b9c7b4843b8cdb479f750d52e replacements=10 evidence=14
rerendered 46/70 396f7ca21c0e478483d3ffa943cc90db replacements=9 evidence=10
rerendered 47/70 dd5a8b865a2345caada0e6462990b30e replacements=9 evidence=16
rerendered 48/70 00bc2b31dde84883b0d065293f92acda replacements=8 evidence=7
rerendered 49/70 337bffd26d734ed9953946915aed1567 replacements=13 evidence=10
rerendered 50/70 f1a9e252f30d41d6bf47b7e5c68e03ed replacements=28 evidence=35
rerendered 51/70 651f062c35ad43c1afbb76bec33b1f10 replacements=9 evidence=10
rerendered 52/70 71c4aa98aa3d43cca048c1d670bcfc30 replacements=50 evidence=46
rerendered 53/70 58bbf48cac734b76a84f87991f43cb84 replacements=15 evidence=29
rerendered 54/70 27dd7bb5259c445791307614d4e07f90 replacements=11 evidence=11
rerendered 55/70 585e6098390f46ba870ebeed42b3c104 replacements=19 evidence=14
rerendered 56/70 75380c75d39e4c35835dfc51955fda12 replacements=29 evidence=23
rerendered 57/70 acb1f6443bd64768831ad4c1e9b39f4d replacements=19 evidence=15
rerendered 58/70 29b3807af4fa440897150fb83cb56e1d replacements=9 evidence=8
rerendered 59/70 816a340c85cf4c9e97fcfbb513f0170e replacements=5 evidence=4
rerendered 60/70 bdc96f84816344eeb71b8d5cdc1a901f replacements=6 evidence=9
rerendered 61/70 c2cc38192deb4f2aba340edd1f6217bc replacements=12 evidence=8
rerendered 62/70 cc19a198c50d42ebb628fdc613eedb6c replacements=12 evidence=24
rerendered 63/70 1efd49eb139b4e54a520b3fcc2452bcd replacements=32 evidence=22
rerendered 64/70 96c86bea59234c058d91493272affa4a replacements=59 evidence=12
rerendered 65/70 7a401fd525204a319e0841bdd3eff6fd replacements=12 evidence=15
rerendered 66/70 b6544434d857495a8a2de59c0faf6f0b replacements=21 evidence=12
rerendered 67/70 2e6134c202e3443cb96080a8612ee2b5 replacements=25 evidence=14
rerendered 68/70 4146d667271b4befa6549f951e497c68 replacements=20 evidence=29
rerendered 69/70 72bde41ff35e45489c439abdfacfb2c9 replacements=27 evidence=16
rerendered 70/70 70d2336935114776abefde10c36e0e62 replacements=21 evidence=20
{
  "documents": 70,
  "selected": 70,
  "scope": "rendered",
  "output": "C:\\Users\\user\\Desktop\\coding\\LAWRENCE\\data\\intermediate\\google_ai\\hybrid_gemma4_experiment.jsonl"
}
